// Jest Snapshot v1, https://goo.gl/fbAQLP

exports[`pop:  - history_entries 1`] = `
Array [
  Object {
    "basename": "",
    "hash": "",
    "key": "345678",
    "location": Object {
      "basename": "",
      "hash": "",
      "key": "345678",
      "pathname": "/",
      "search": "",
      "state": Object {},
      "url": "/",
    },
    "params": Object {},
    "pathname": "/",
    "query": Object {},
    "search": "",
    "state": Object {},
    "type": "FIRST",
    "url": "/",
  },
  Object {
    "basename": "",
    "hash": "",
    "key": "345678",
    "location": Object {
      "basename": "",
      "hash": "",
      "key": "345678",
      "pathname": "/second",
      "search": "",
      "state": Object {},
      "url": "/second",
    },
    "params": Object {},
    "pathname": "/second",
    "query": Object {},
    "search": "",
    "state": Object {},
    "type": "SECOND",
    "url": "/second",
  },
]
`;

exports[`pop:  - history_index 1`] = `0`;

exports[`pop:  - response 1`] = `
Object {
  "basename": "",
  "hash": "",
  "location": Object {
    "direction": "backward",
    "entries": Array [
      Object {
        "basename": "",
        "hash": "",
        "key": "345678",
        "location": Object {
          "basename": "",
          "hash": "",
          "key": "345678",
          "pathname": "/",
          "search": "",
          "state": Object {},
          "url": "/",
        },
        "params": Object {},
        "pathname": "/",
        "query": Object {},
        "search": "",
        "state": Object {},
        "type": "FIRST",
        "url": "/",
      },
      Object {
        "basename": "",
        "hash": "",
        "key": "345678",
        "location": Object {
          "basename": "",
          "hash": "",
          "key": "345678",
          "pathname": "/second",
          "search": "",
          "state": Object {},
          "url": "/second",
        },
        "params": Object {},
        "pathname": "/second",
        "query": Object {},
        "search": "",
        "state": Object {},
        "type": "SECOND",
        "url": "/second",
      },
    ],
    "from": null,
    "index": 0,
    "kind": "back",
    "length": 2,
    "pathname": "/",
    "pop": true,
    "prev": Object {
      "basename": "",
      "direction": "forward",
      "entries": Array [
        Object {
          "basename": "",
          "hash": "",
          "key": "345678",
          "location": Object {
            "basename": "",
            "hash": "",
            "key": "345678",
            "pathname": "/",
            "search": "",
            "state": Object {},
            "url": "/",
          },
          "params": Object {},
          "pathname": "/",
          "query": Object {},
          "search": "",
          "state": Object {},
          "type": "FIRST",
          "url": "/",
        },
        Object {
          "basename": "",
          "hash": "",
          "key": "345678",
          "location": Object {
            "basename": "",
            "hash": "",
            "key": "345678",
            "pathname": "/second",
            "search": "",
            "state": Object {},
            "url": "/second",
          },
          "params": Object {},
          "pathname": "/second",
          "query": Object {},
          "search": "",
          "state": Object {},
          "type": "SECOND",
          "url": "/second",
        },
      ],
      "hash": "",
      "index": 1,
      "kind": "push",
      "length": 2,
      "params": Object {},
      "pathname": "/second",
      "pop": false,
      "query": Object {},
      "scene": "",
      "search": "",
      "state": Object {},
      "status": 200,
      "type": "SECOND",
      "url": "/second",
    },
    "scene": "",
    "search": "",
    "status": 200,
    "url": "/",
  },
  "params": Object {},
  "query": Object {},
  "state": Object {},
  "type": "FIRST",
}
`;

exports[`pop:  - routes - NEVER_USED_PATHLESS - thunk 1`] = `0`;

exports[`pop:  - routes - REDIRECTED - onComplete 1`] = `0`;

exports[`pop:  - state 1`] = `
Object {
  "location": Object {
    "basename": "",
    "direction": "backward",
    "entries": Array [
      Object {
        "basename": "",
        "hash": "",
        "key": "345678",
        "location": Object {
          "basename": "",
          "hash": "",
          "key": "345678",
          "pathname": "/",
          "search": "",
          "state": Object {},
          "url": "/",
        },
        "params": Object {},
        "pathname": "/",
        "query": Object {},
        "search": "",
        "state": Object {},
        "type": "FIRST",
        "url": "/",
      },
      Object {
        "basename": "",
        "hash": "",
        "key": "345678",
        "location": Object {
          "basename": "",
          "hash": "",
          "key": "345678",
          "pathname": "/second",
          "search": "",
          "state": Object {},
          "url": "/second",
        },
        "params": Object {},
        "pathname": "/second",
        "query": Object {},
        "search": "",
        "state": Object {},
        "type": "SECOND",
        "url": "/second",
      },
    ],
    "from": null,
    "hash": "",
    "index": 0,
    "kind": "back",
    "length": 2,
    "params": Object {},
    "pathname": "/",
    "pop": true,
    "prev": Object {
      "basename": "",
      "direction": "forward",
      "entries": Array [
        Object {
          "basename": "",
          "hash": "",
          "key": "345678",
          "location": Object {
            "basename": "",
            "hash": "",
            "key": "345678",
            "pathname": "/",
            "search": "",
            "state": Object {},
            "url": "/",
          },
          "params": Object {},
          "pathname": "/",
          "query": Object {},
          "search": "",
          "state": Object {},
          "type": "FIRST",
          "url": "/",
        },
        Object {
          "basename": "",
          "hash": "",
          "key": "345678",
          "location": Object {
            "basename": "",
            "hash": "",
            "key": "345678",
            "pathname": "/second",
            "search": "",
            "state": Object {},
            "url": "/second",
          },
          "params": Object {},
          "pathname": "/second",
          "query": Object {},
          "search": "",
          "state": Object {},
          "type": "SECOND",
          "url": "/second",
        },
      ],
      "hash": "",
      "index": 1,
      "kind": "push",
      "length": 2,
      "params": Object {},
      "pathname": "/second",
      "pop": false,
      "query": Object {},
      "scene": "",
      "search": "",
      "state": Object {},
      "status": 200,
      "type": "SECOND",
      "url": "/second",
    },
    "query": Object {},
    "scene": "",
    "search": "",
    "state": Object {},
    "status": 200,
    "type": "FIRST",
    "universal": false,
    "url": "/",
  },
  "title": "FIRST",
}
`;

exports[`pop:  - title 1`] = `"FIRST"`;
