// Jest Snapshot v1, https://goo.gl/fbAQLP

exports[`dispatch(changeBasename(name)) with existing basename: 1 - history_entries 1`] = `
Array [
  Object {
    "basename": "/foo",
    "hash": "",
    "key": "345678",
    "location": Object {
      "basename": "/foo",
      "hash": "",
      "key": "345678",
      "pathname": "/first",
      "search": "",
      "state": Object {},
      "url": "/foo/first",
    },
    "params": Object {},
    "pathname": "/first",
    "query": Object {},
    "search": "",
    "state": Object {},
    "type": "FIRST",
    "url": "/foo/first",
  },
  Object {
    "basename": "/bar",
    "hash": "",
    "key": "345678",
    "location": Object {
      "basename": "/bar",
      "hash": "",
      "key": "345678",
      "pathname": "/first",
      "search": "",
      "state": Object {},
      "url": "/bar/first",
    },
    "params": Object {},
    "pathname": "/first",
    "query": Object {},
    "search": "",
    "state": Object {},
    "type": "FIRST",
    "url": "/bar/first",
  },
]
`;

exports[`dispatch(changeBasename(name)) with existing basename: 1 - history_index 1`] = `1`;

exports[`dispatch(changeBasename(name)) with existing basename: 1 - response 1`] = `
Object {
  "basename": "bar",
  "hash": "",
  "location": Object {
    "direction": "forward",
    "entries": Array [
      Object {
        "basename": "/foo",
        "hash": "",
        "key": "345678",
        "location": Object {
          "basename": "/foo",
          "hash": "",
          "key": "345678",
          "pathname": "/first",
          "search": "",
          "state": Object {},
          "url": "/foo/first",
        },
        "params": Object {},
        "pathname": "/first",
        "query": Object {},
        "search": "",
        "state": Object {},
        "type": "FIRST",
        "url": "/foo/first",
      },
      Object {
        "basename": "/bar",
        "hash": "",
        "key": "345678",
        "location": Object {
          "basename": "/bar",
          "hash": "",
          "key": "345678",
          "pathname": "/first",
          "search": "",
          "state": Object {},
          "url": "/bar/first",
        },
        "params": Object {},
        "pathname": "/first",
        "query": Object {},
        "search": "",
        "state": Object {},
        "type": "FIRST",
        "url": "/bar/first",
      },
    ],
    "from": null,
    "index": 1,
    "kind": "push",
    "length": 2,
    "pathname": "/first",
    "pop": false,
    "prev": Object {
      "basename": "foo",
      "direction": "forward",
      "entries": Array [
        Object {
          "basename": "/foo",
          "hash": "",
          "key": "345678",
          "location": Object {
            "basename": "/foo",
            "hash": "",
            "key": "345678",
            "pathname": "/first",
            "search": "",
            "state": Object {},
            "url": "/foo/first",
          },
          "params": Object {},
          "pathname": "/first",
          "query": Object {},
          "search": "",
          "state": Object {},
          "type": "FIRST",
          "url": "/foo/first",
        },
      ],
      "hash": "",
      "index": 0,
      "kind": "load",
      "length": 1,
      "params": Object {},
      "pathname": "/first",
      "pop": false,
      "query": Object {},
      "scene": "",
      "search": "",
      "state": Object {},
      "status": 200,
      "type": "FIRST",
      "url": "/foo/first",
    },
    "scene": "",
    "search": "",
    "status": 200,
    "url": "/bar/first",
  },
  "params": Object {},
  "query": Object {},
  "state": Object {},
  "type": "FIRST",
}
`;

exports[`dispatch(changeBasename(name)) with existing basename: 1 - routes - NEVER_USED_PATHLESS - thunk 1`] = `0`;

exports[`dispatch(changeBasename(name)) with existing basename: 1 - routes - REDIRECTED - onComplete 1`] = `0`;

exports[`dispatch(changeBasename(name)) with existing basename: 1 - state 1`] = `
Object {
  "location": Object {
    "basename": "bar",
    "direction": "forward",
    "entries": Array [
      Object {
        "basename": "/foo",
        "hash": "",
        "key": "345678",
        "location": Object {
          "basename": "/foo",
          "hash": "",
          "key": "345678",
          "pathname": "/first",
          "search": "",
          "state": Object {},
          "url": "/foo/first",
        },
        "params": Object {},
        "pathname": "/first",
        "query": Object {},
        "search": "",
        "state": Object {},
        "type": "FIRST",
        "url": "/foo/first",
      },
      Object {
        "basename": "/bar",
        "hash": "",
        "key": "345678",
        "location": Object {
          "basename": "/bar",
          "hash": "",
          "key": "345678",
          "pathname": "/first",
          "search": "",
          "state": Object {},
          "url": "/bar/first",
        },
        "params": Object {},
        "pathname": "/first",
        "query": Object {},
        "search": "",
        "state": Object {},
        "type": "FIRST",
        "url": "/bar/first",
      },
    ],
    "from": null,
    "hash": "",
    "index": 1,
    "kind": "push",
    "length": 2,
    "params": Object {},
    "pathname": "/first",
    "pop": false,
    "prev": Object {
      "basename": "foo",
      "direction": "forward",
      "entries": Array [
        Object {
          "basename": "/foo",
          "hash": "",
          "key": "345678",
          "location": Object {
            "basename": "/foo",
            "hash": "",
            "key": "345678",
            "pathname": "/first",
            "search": "",
            "state": Object {},
            "url": "/foo/first",
          },
          "params": Object {},
          "pathname": "/first",
          "query": Object {},
          "search": "",
          "state": Object {},
          "type": "FIRST",
          "url": "/foo/first",
        },
      ],
      "hash": "",
      "index": 0,
      "kind": "load",
      "length": 1,
      "params": Object {},
      "pathname": "/first",
      "pop": false,
      "query": Object {},
      "scene": "",
      "search": "",
      "state": Object {},
      "status": 200,
      "type": "FIRST",
      "url": "/foo/first",
    },
    "query": Object {},
    "scene": "",
    "search": "",
    "state": Object {},
    "status": 200,
    "type": "FIRST",
    "universal": false,
    "url": "/bar/first",
  },
  "title": "FIRST",
}
`;

exports[`dispatch(changeBasename(name)) with existing basename: 1 - title 1`] = `"FIRST"`;

exports[`dispatch(changeBasename(name)) with existing basename: firstRoute - /foo/first - 1 - history_entries 1`] = `
Array [
  Object {
    "basename": "/foo",
    "hash": "",
    "key": "345678",
    "location": Object {
      "basename": "/foo",
      "hash": "",
      "key": "345678",
      "pathname": "/first",
      "search": "",
      "state": Object {},
      "url": "/foo/first",
    },
    "params": Object {},
    "pathname": "/first",
    "query": Object {},
    "search": "",
    "state": Object {},
    "type": "FIRST",
    "url": "/foo/first",
  },
]
`;

exports[`dispatch(changeBasename(name)) with existing basename: firstRoute - /foo/first - 1 - history_index 1`] = `0`;

exports[`dispatch(changeBasename(name)) with existing basename: firstRoute - /foo/first - 1 - initial_state 1`] = `
Object {
  "location": Object {
    "basename": "foo",
    "direction": "forward",
    "entries": Array [
      Object {
        "basename": "/foo",
        "hash": "",
        "key": "345678",
        "location": Object {
          "basename": "/foo",
          "hash": "",
          "key": "345678",
          "pathname": "/first",
          "search": "",
          "state": Object {},
          "url": "/foo/first",
        },
        "params": Object {},
        "pathname": "/first",
        "query": Object {},
        "search": "",
        "state": Object {},
        "type": "FIRST",
        "url": "/foo/first",
      },
    ],
    "hash": "",
    "index": 0,
    "kind": "init",
    "length": 1,
    "params": Object {},
    "pathname": "/first",
    "prev": Object {
      "basename": "",
      "direction": "forward",
      "entries": Array [],
      "hash": "",
      "index": -1,
      "kind": "",
      "length": 0,
      "params": Object {},
      "pathname": "",
      "query": Object {},
      "scene": "",
      "search": "",
      "state": Object {},
      "type": "",
      "universal": false,
      "url": "",
    },
    "query": Object {},
    "scene": "",
    "search": "",
    "state": Object {},
    "type": "FIRST",
    "universal": false,
    "url": "/foo/first",
  },
  "title": "@@redux/INIT",
}
`;

exports[`dispatch(changeBasename(name)) with existing basename: firstRoute - /foo/first - 1 - response 1`] = `
Object {
  "basename": "foo",
  "hash": "",
  "location": Object {
    "direction": "forward",
    "entries": Array [
      Object {
        "basename": "/foo",
        "hash": "",
        "key": "345678",
        "location": Object {
          "basename": "/foo",
          "hash": "",
          "key": "345678",
          "pathname": "/first",
          "search": "",
          "state": Object {},
          "url": "/foo/first",
        },
        "params": Object {},
        "pathname": "/first",
        "query": Object {},
        "search": "",
        "state": Object {},
        "type": "FIRST",
        "url": "/foo/first",
      },
    ],
    "from": null,
    "index": 0,
    "kind": "load",
    "length": 1,
    "pathname": "/first",
    "pop": false,
    "prev": Object {
      "basename": "",
      "direction": "forward",
      "entries": Array [],
      "hash": "",
      "index": -1,
      "kind": "",
      "length": 0,
      "params": Object {},
      "pathname": "",
      "query": Object {},
      "scene": "",
      "search": "",
      "state": Object {},
      "type": "",
      "url": "",
    },
    "scene": "",
    "search": "",
    "status": 200,
    "url": "/foo/first",
  },
  "params": Object {},
  "query": Object {},
  "state": Object {},
  "type": "FIRST",
}
`;

exports[`dispatch(changeBasename(name)) with existing basename: firstRoute - /foo/first - 1 - state 1`] = `
Object {
  "location": Object {
    "basename": "foo",
    "direction": "forward",
    "entries": Array [
      Object {
        "basename": "/foo",
        "hash": "",
        "key": "345678",
        "location": Object {
          "basename": "/foo",
          "hash": "",
          "key": "345678",
          "pathname": "/first",
          "search": "",
          "state": Object {},
          "url": "/foo/first",
        },
        "params": Object {},
        "pathname": "/first",
        "query": Object {},
        "search": "",
        "state": Object {},
        "type": "FIRST",
        "url": "/foo/first",
      },
    ],
    "from": null,
    "hash": "",
    "index": 0,
    "kind": "load",
    "length": 1,
    "params": Object {},
    "pathname": "/first",
    "pop": false,
    "prev": Object {
      "basename": "",
      "direction": "forward",
      "entries": Array [],
      "hash": "",
      "index": -1,
      "kind": "",
      "length": 0,
      "params": Object {},
      "pathname": "",
      "query": Object {},
      "scene": "",
      "search": "",
      "state": Object {},
      "type": "",
      "url": "",
    },
    "query": Object {},
    "scene": "",
    "search": "",
    "state": Object {},
    "status": 200,
    "type": "FIRST",
    "universal": false,
    "url": "/foo/first",
  },
  "title": "FIRST",
}
`;

exports[`dispatch(changeBasename(name)) with existing basename: firstRoute - /foo/first - 1 - title 1`] = `"FIRST"`;

exports[`dispatch(changeBasename(name)): 1 - history_entries 1`] = `
Array [
  Object {
    "basename": "",
    "hash": "",
    "key": "345678",
    "location": Object {
      "basename": "",
      "hash": "",
      "key": "345678",
      "pathname": "/first",
      "search": "",
      "state": Object {},
      "url": "/first",
    },
    "params": Object {},
    "pathname": "/first",
    "query": Object {},
    "search": "",
    "state": Object {},
    "type": "FIRST",
    "url": "/first",
  },
  Object {
    "basename": "/foo",
    "hash": "",
    "key": "345678",
    "location": Object {
      "basename": "/foo",
      "hash": "",
      "key": "345678",
      "pathname": "/first",
      "search": "",
      "state": Object {},
      "url": "/foo/first",
    },
    "params": Object {},
    "pathname": "/first",
    "query": Object {},
    "search": "",
    "state": Object {},
    "type": "FIRST",
    "url": "/foo/first",
  },
]
`;

exports[`dispatch(changeBasename(name)): 1 - history_index 1`] = `1`;

exports[`dispatch(changeBasename(name)): 1 - response 1`] = `
Object {
  "basename": "foo",
  "hash": "",
  "location": Object {
    "direction": "forward",
    "entries": Array [
      Object {
        "basename": "",
        "hash": "",
        "key": "345678",
        "location": Object {
          "basename": "",
          "hash": "",
          "key": "345678",
          "pathname": "/first",
          "search": "",
          "state": Object {},
          "url": "/first",
        },
        "params": Object {},
        "pathname": "/first",
        "query": Object {},
        "search": "",
        "state": Object {},
        "type": "FIRST",
        "url": "/first",
      },
      Object {
        "basename": "/foo",
        "hash": "",
        "key": "345678",
        "location": Object {
          "basename": "/foo",
          "hash": "",
          "key": "345678",
          "pathname": "/first",
          "search": "",
          "state": Object {},
          "url": "/foo/first",
        },
        "params": Object {},
        "pathname": "/first",
        "query": Object {},
        "search": "",
        "state": Object {},
        "type": "FIRST",
        "url": "/foo/first",
      },
    ],
    "from": null,
    "index": 1,
    "kind": "push",
    "length": 2,
    "pathname": "/first",
    "pop": false,
    "prev": Object {
      "basename": "",
      "direction": "forward",
      "entries": Array [
        Object {
          "basename": "",
          "hash": "",
          "key": "345678",
          "location": Object {
            "basename": "",
            "hash": "",
            "key": "345678",
            "pathname": "/first",
            "search": "",
            "state": Object {},
            "url": "/first",
          },
          "params": Object {},
          "pathname": "/first",
          "query": Object {},
          "search": "",
          "state": Object {},
          "type": "FIRST",
          "url": "/first",
        },
      ],
      "hash": "",
      "index": 0,
      "kind": "load",
      "length": 1,
      "params": Object {},
      "pathname": "/first",
      "pop": false,
      "query": Object {},
      "scene": "",
      "search": "",
      "state": Object {},
      "status": 200,
      "type": "FIRST",
      "url": "/first",
    },
    "scene": "",
    "search": "",
    "status": 200,
    "url": "/foo/first",
  },
  "params": Object {},
  "query": Object {},
  "state": Object {},
  "type": "FIRST",
}
`;

exports[`dispatch(changeBasename(name)): 1 - routes - NEVER_USED_PATHLESS - thunk 1`] = `0`;

exports[`dispatch(changeBasename(name)): 1 - routes - REDIRECTED - onComplete 1`] = `0`;

exports[`dispatch(changeBasename(name)): 1 - state 1`] = `
Object {
  "location": Object {
    "basename": "foo",
    "direction": "forward",
    "entries": Array [
      Object {
        "basename": "",
        "hash": "",
        "key": "345678",
        "location": Object {
          "basename": "",
          "hash": "",
          "key": "345678",
          "pathname": "/first",
          "search": "",
          "state": Object {},
          "url": "/first",
        },
        "params": Object {},
        "pathname": "/first",
        "query": Object {},
        "search": "",
        "state": Object {},
        "type": "FIRST",
        "url": "/first",
      },
      Object {
        "basename": "/foo",
        "hash": "",
        "key": "345678",
        "location": Object {
          "basename": "/foo",
          "hash": "",
          "key": "345678",
          "pathname": "/first",
          "search": "",
          "state": Object {},
          "url": "/foo/first",
        },
        "params": Object {},
        "pathname": "/first",
        "query": Object {},
        "search": "",
        "state": Object {},
        "type": "FIRST",
        "url": "/foo/first",
      },
    ],
    "from": null,
    "hash": "",
    "index": 1,
    "kind": "push",
    "length": 2,
    "params": Object {},
    "pathname": "/first",
    "pop": false,
    "prev": Object {
      "basename": "",
      "direction": "forward",
      "entries": Array [
        Object {
          "basename": "",
          "hash": "",
          "key": "345678",
          "location": Object {
            "basename": "",
            "hash": "",
            "key": "345678",
            "pathname": "/first",
            "search": "",
            "state": Object {},
            "url": "/first",
          },
          "params": Object {},
          "pathname": "/first",
          "query": Object {},
          "search": "",
          "state": Object {},
          "type": "FIRST",
          "url": "/first",
        },
      ],
      "hash": "",
      "index": 0,
      "kind": "load",
      "length": 1,
      "params": Object {},
      "pathname": "/first",
      "pop": false,
      "query": Object {},
      "scene": "",
      "search": "",
      "state": Object {},
      "status": 200,
      "type": "FIRST",
      "url": "/first",
    },
    "query": Object {},
    "scene": "",
    "search": "",
    "state": Object {},
    "status": 200,
    "type": "FIRST",
    "universal": false,
    "url": "/foo/first",
  },
  "title": "FIRST",
}
`;

exports[`dispatch(changeBasename(name)): 1 - title 1`] = `"FIRST"`;

exports[`dispatch(changeBasename(name, action)): 1 - history_entries 1`] = `
Array [
  Object {
    "basename": "",
    "hash": "",
    "key": "345678",
    "location": Object {
      "basename": "",
      "hash": "",
      "key": "345678",
      "pathname": "/first",
      "search": "",
      "state": Object {},
      "url": "/first",
    },
    "params": Object {},
    "pathname": "/first",
    "query": Object {},
    "search": "",
    "state": Object {},
    "type": "FIRST",
    "url": "/first",
  },
  Object {
    "basename": "/foo",
    "hash": "",
    "key": "345678",
    "location": Object {
      "basename": "/foo",
      "hash": "",
      "key": "345678",
      "pathname": "/redirected",
      "search": "",
      "state": Object {},
      "url": "/foo/redirected",
    },
    "params": Object {},
    "pathname": "/redirected",
    "query": Object {},
    "search": "",
    "state": Object {},
    "type": "REDIRECTED",
    "url": "/foo/redirected",
  },
]
`;

exports[`dispatch(changeBasename(name, action)): 1 - history_index 1`] = `1`;

exports[`dispatch(changeBasename(name, action)): 1 - response 1`] = `
Object {
  "payload": "redirect_complete",
  "type": "REDIRECTED_COMPLETE",
}
`;

exports[`dispatch(changeBasename(name, action)): 1 - routes - NEVER_USED_PATHLESS - thunk 1`] = `0`;

exports[`dispatch(changeBasename(name, action)): 1 - routes - REDIRECTED - onComplete 1`] = `1`;

exports[`dispatch(changeBasename(name, action)): 1 - state 1`] = `
Object {
  "location": Object {
    "basename": "foo",
    "direction": "forward",
    "entries": Array [
      Object {
        "basename": "",
        "hash": "",
        "key": "345678",
        "location": Object {
          "basename": "",
          "hash": "",
          "key": "345678",
          "pathname": "/first",
          "search": "",
          "state": Object {},
          "url": "/first",
        },
        "params": Object {},
        "pathname": "/first",
        "query": Object {},
        "search": "",
        "state": Object {},
        "type": "FIRST",
        "url": "/first",
      },
      Object {
        "basename": "/foo",
        "hash": "",
        "key": "345678",
        "location": Object {
          "basename": "/foo",
          "hash": "",
          "key": "345678",
          "pathname": "/redirected",
          "search": "",
          "state": Object {},
          "url": "/foo/redirected",
        },
        "params": Object {},
        "pathname": "/redirected",
        "query": Object {},
        "search": "",
        "state": Object {},
        "type": "REDIRECTED",
        "url": "/foo/redirected",
      },
    ],
    "from": null,
    "hash": "",
    "index": 1,
    "kind": "push",
    "length": 2,
    "params": Object {},
    "pathname": "/redirected",
    "pop": false,
    "prev": Object {
      "basename": "",
      "direction": "forward",
      "entries": Array [
        Object {
          "basename": "",
          "hash": "",
          "key": "345678",
          "location": Object {
            "basename": "",
            "hash": "",
            "key": "345678",
            "pathname": "/first",
            "search": "",
            "state": Object {},
            "url": "/first",
          },
          "params": Object {},
          "pathname": "/first",
          "query": Object {},
          "search": "",
          "state": Object {},
          "type": "FIRST",
          "url": "/first",
        },
      ],
      "hash": "",
      "index": 0,
      "kind": "load",
      "length": 1,
      "params": Object {},
      "pathname": "/first",
      "pop": false,
      "query": Object {},
      "scene": "",
      "search": "",
      "state": Object {},
      "status": 200,
      "type": "FIRST",
      "url": "/first",
    },
    "query": Object {},
    "ready": true,
    "scene": "",
    "search": "",
    "state": Object {},
    "status": 200,
    "type": "REDIRECTED",
    "universal": false,
    "url": "/foo/redirected",
  },
  "title": "REDIRECTED_COMPLETE - \\"redirect_complete\\"",
}
`;

exports[`dispatch(changeBasename(name, action)): 1 - title 1`] = `"REDIRECTED"`;
