// Jest Snapshot v1, https://goo.gl/fbAQLP

exports[`re-dispatching state.from behaves as if original action was dispatched 1`] = `
Object {
  "basename": "",
  "hash": "",
  "location": Object {
    "direction": "forward",
    "entries": Array [
      Object {
        "basename": "",
        "hash": "",
        "key": "345678",
        "location": Object {
          "basename": "",
          "hash": "",
          "key": "345678",
          "pathname": "/first",
          "search": "",
          "state": Object {},
          "url": "/first",
        },
        "params": Object {},
        "pathname": "/first",
        "query": Object {},
        "search": "",
        "state": Object {},
        "type": "FIRST",
        "url": "/first",
      },
      Object {
        "basename": "",
        "hash": "",
        "key": "345678",
        "location": Object {
          "basename": "",
          "hash": "",
          "key": "345678",
          "pathname": "/second",
          "search": "",
          "state": Object {},
          "url": "/second",
        },
        "params": Object {},
        "pathname": "/second",
        "query": Object {},
        "search": "",
        "state": Object {},
        "type": "SECOND",
        "url": "/second",
      },
    ],
    "index": 1,
    "kind": "push",
    "length": 2,
    "pathname": "/second",
    "pop": false,
    "scene": "",
    "search": "",
    "status": 200,
    "url": "/second",
  },
  "params": Object {},
  "query": Object {},
  "state": Object {},
  "type": "SECOND",
}
`;

exports[`re-dispatching state.from behaves as if original action was dispatched: response 1`] = `
Object {
  "allow": true,
  "basename": "",
  "hash": "",
  "location": Object {
    "direction": "forward",
    "entries": Array [
      Object {
        "basename": "",
        "hash": "",
        "key": "345678",
        "location": Object {
          "basename": "",
          "hash": "",
          "key": "345678",
          "pathname": "/first",
          "search": "",
          "state": Object {},
          "url": "/first",
        },
        "params": Object {},
        "pathname": "/first",
        "query": Object {},
        "search": "",
        "state": Object {},
        "type": "FIRST",
        "url": "/first",
      },
      Object {
        "basename": "",
        "hash": "",
        "key": "345678",
        "location": Object {
          "basename": "",
          "hash": "",
          "key": "345678",
          "pathname": "/redirected",
          "search": "",
          "state": Object {},
          "url": "/redirected",
        },
        "params": Object {},
        "pathname": "/redirected",
        "query": Object {},
        "search": "",
        "state": Object {},
        "type": "REDIRECTED",
        "url": "/redirected",
      },
      Object {
        "basename": "",
        "hash": "",
        "key": "345678",
        "location": Object {
          "basename": "",
          "hash": "",
          "key": "345678",
          "pathname": "/second",
          "search": "",
          "state": Object {},
          "url": "/second",
        },
        "params": Object {},
        "pathname": "/second",
        "query": Object {},
        "search": "",
        "state": Object {},
        "type": "SECOND",
        "url": "/second",
      },
    ],
    "from": null,
    "index": 2,
    "kind": "push",
    "length": 3,
    "pathname": "/second",
    "pop": false,
    "prev": Object {
      "basename": "",
      "direction": "forward",
      "entries": Array [
        Object {
          "basename": "",
          "hash": "",
          "key": "345678",
          "location": Object {
            "basename": "",
            "hash": "",
            "key": "345678",
            "pathname": "/first",
            "search": "",
            "state": Object {},
            "url": "/first",
          },
          "params": Object {},
          "pathname": "/first",
          "query": Object {},
          "search": "",
          "state": Object {},
          "type": "FIRST",
          "url": "/first",
        },
        Object {
          "basename": "",
          "hash": "",
          "key": "345678",
          "location": Object {
            "basename": "",
            "hash": "",
            "key": "345678",
            "pathname": "/redirected",
            "search": "",
            "state": Object {},
            "url": "/redirected",
          },
          "params": Object {},
          "pathname": "/redirected",
          "query": Object {},
          "search": "",
          "state": Object {},
          "type": "REDIRECTED",
          "url": "/redirected",
        },
      ],
      "hash": "",
      "index": 1,
      "kind": "replace",
      "length": 2,
      "params": Object {},
      "pathname": "/redirected",
      "pop": false,
      "query": Object {},
      "ready": true,
      "scene": "",
      "search": "",
      "state": Object {},
      "status": 302,
      "type": "REDIRECTED",
      "url": "/redirected",
    },
    "scene": "",
    "search": "",
    "status": 200,
    "url": "/second",
  },
  "params": Object {},
  "query": Object {},
  "state": Object {},
  "type": "SECOND",
}
`;

exports[`re-dispatching state.from behaves as if original action was dispatched: state 1`] = `
Object {
  "location": Object {
    "basename": "",
    "direction": "forward",
    "entries": Array [
      Object {
        "basename": "",
        "hash": "",
        "key": "345678",
        "location": Object {
          "basename": "",
          "hash": "",
          "key": "345678",
          "pathname": "/first",
          "search": "",
          "state": Object {},
          "url": "/first",
        },
        "params": Object {},
        "pathname": "/first",
        "query": Object {},
        "search": "",
        "state": Object {},
        "type": "FIRST",
        "url": "/first",
      },
      Object {
        "basename": "",
        "hash": "",
        "key": "345678",
        "location": Object {
          "basename": "",
          "hash": "",
          "key": "345678",
          "pathname": "/redirected",
          "search": "",
          "state": Object {},
          "url": "/redirected",
        },
        "params": Object {},
        "pathname": "/redirected",
        "query": Object {},
        "search": "",
        "state": Object {},
        "type": "REDIRECTED",
        "url": "/redirected",
      },
      Object {
        "basename": "",
        "hash": "",
        "key": "345678",
        "location": Object {
          "basename": "",
          "hash": "",
          "key": "345678",
          "pathname": "/second",
          "search": "",
          "state": Object {},
          "url": "/second",
        },
        "params": Object {},
        "pathname": "/second",
        "query": Object {},
        "search": "",
        "state": Object {},
        "type": "SECOND",
        "url": "/second",
      },
    ],
    "from": null,
    "hash": "",
    "index": 2,
    "kind": "push",
    "length": 3,
    "params": Object {},
    "pathname": "/second",
    "pop": false,
    "prev": Object {
      "basename": "",
      "direction": "forward",
      "entries": Array [
        Object {
          "basename": "",
          "hash": "",
          "key": "345678",
          "location": Object {
            "basename": "",
            "hash": "",
            "key": "345678",
            "pathname": "/first",
            "search": "",
            "state": Object {},
            "url": "/first",
          },
          "params": Object {},
          "pathname": "/first",
          "query": Object {},
          "search": "",
          "state": Object {},
          "type": "FIRST",
          "url": "/first",
        },
        Object {
          "basename": "",
          "hash": "",
          "key": "345678",
          "location": Object {
            "basename": "",
            "hash": "",
            "key": "345678",
            "pathname": "/redirected",
            "search": "",
            "state": Object {},
            "url": "/redirected",
          },
          "params": Object {},
          "pathname": "/redirected",
          "query": Object {},
          "search": "",
          "state": Object {},
          "type": "REDIRECTED",
          "url": "/redirected",
        },
      ],
      "hash": "",
      "index": 1,
      "kind": "replace",
      "length": 2,
      "params": Object {},
      "pathname": "/redirected",
      "pop": false,
      "query": Object {},
      "ready": true,
      "scene": "",
      "search": "",
      "state": Object {},
      "status": 302,
      "type": "REDIRECTED",
      "url": "/redirected",
    },
    "query": Object {},
    "scene": "",
    "search": "",
    "state": Object {},
    "status": 200,
    "type": "SECOND",
    "universal": false,
    "url": "/second",
  },
  "title": "SECOND",
}
`;
